node.exe : npm warn 
Unknown project 
config "enable-pre-po
st-scripts". This 
will stop working in 
the next major 
version of npm.
At C:\Program Files\n
odejs\npx.ps1:29 
char:3
+   & $NODE_EXE 
$NPX_CLI_JS $args
+   ~~~~~~~~~~~~~~~~~
~~~~~~~~~~~~
    + CategoryInfo   
           : NotSpe  
  cified: (npm war   
 n Unknow...versi    
on of npm.:Strin    
g) [], RemoteExc    
eption
    + FullyQualified 
   ErrorId : Native  
  CommandError
 
src/components/hoc/withAuth.tsx(12,26): error TS2307: Cannot find module '@/stores/useAuthStore' or its corresponding type declarations.
